// Jest Snapshot v1, https://goo.gl/fbAQLP

exports[`Home should render a snapshot with correct data passed in 1`] = `
ShallowWrapper {
  Symbol(enzyme.__root__): [Circular],
  Symbol(enzyme.__unrendered__): <Home />,
  Symbol(enzyme.__renderer__): Object {
    "batchedUpdates": [Function],
    "checkPropTypes": [Function],
    "getNode": [Function],
    "render": [Function],
    "simulateError": [Function],
    "simulateEvent": [Function],
    "unmount": [Function],
  },
  Symbol(enzyme.__node__): Object {
    "instance": null,
    "key": undefined,
    "nodeType": "host",
    "props": Object {
      "children": Array [
        <Logo />,
        <h1
          className="welcome"
        >
          Welcome, 
          Ash
          !
        </h1>,
        <h3
          className="this-month"
        >
          This month...
        </h3>,
        <div
          className="bubbles"
        />,
        <Link
          replace={false}
          to="/journal"
        >
          <button>
            journal
          </button>
        </Link>,
        <Link
          replace={false}
          to="/calendarView"
        >
          <button>
            calendar
          </button>
        </Link>,
      ],
      "className": "home",
    },
    "ref": null,
    "rendered": Array [
      Object {
        "instance": null,
        "key": undefined,
        "nodeType": "function",
        "props": Object {},
        "ref": null,
        "rendered": null,
        "type": [Function],
      },
      Object {
        "instance": null,
        "key": undefined,
        "nodeType": "host",
        "props": Object {
          "children": Array [
            "Welcome, ",
            "Ash",
            "!",
          ],
          "className": "welcome",
        },
        "ref": null,
        "rendered": Array [
          "Welcome, ",
          "Ash",
          "!",
        ],
        "type": "h1",
      },
      Object {
        "instance": null,
        "key": undefined,
        "nodeType": "host",
        "props": Object {
          "children": "This month...",
          "className": "this-month",
        },
        "ref": null,
        "rendered": "This month...",
        "type": "h3",
      },
      Object {
        "instance": null,
        "key": undefined,
        "nodeType": "host",
        "props": Object {
          "className": "bubbles",
        },
        "ref": null,
        "rendered": null,
        "type": "div",
      },
      Object {
        "instance": null,
        "key": undefined,
        "nodeType": "class",
        "props": Object {
          "children": <button>
            journal
          </button>,
          "replace": false,
          "to": "/journal",
        },
        "ref": null,
        "rendered": Object {
          "instance": null,
          "key": undefined,
          "nodeType": "host",
          "props": Object {
            "children": "journal",
          },
          "ref": null,
          "rendered": "journal",
          "type": "button",
        },
        "type": [Function],
      },
      Object {
        "instance": null,
        "key": undefined,
        "nodeType": "class",
        "props": Object {
          "children": <button>
            calendar
          </button>,
          "replace": false,
          "to": "/calendarView",
        },
        "ref": null,
        "rendered": Object {
          "instance": null,
          "key": undefined,
          "nodeType": "host",
          "props": Object {
            "children": "calendar",
          },
          "ref": null,
          "rendered": "calendar",
          "type": "button",
        },
        "type": [Function],
      },
    ],
    "type": "div",
  },
  Symbol(enzyme.__nodes__): Array [
    Object {
      "instance": null,
      "key": undefined,
      "nodeType": "host",
      "props": Object {
        "children": Array [
          <Logo />,
          <h1
            className="welcome"
          >
            Welcome, 
            Ash
            !
          </h1>,
          <h3
            className="this-month"
          >
            This month...
          </h3>,
          <div
            className="bubbles"
          />,
          <Link
            replace={false}
            to="/journal"
          >
            <button>
              journal
            </button>
          </Link>,
          <Link
            replace={false}
            to="/calendarView"
          >
            <button>
              calendar
            </button>
          </Link>,
        ],
        "className": "home",
      },
      "ref": null,
      "rendered": Array [
        Object {
          "instance": null,
          "key": undefined,
          "nodeType": "function",
          "props": Object {},
          "ref": null,
          "rendered": null,
          "type": [Function],
        },
        Object {
          "instance": null,
          "key": undefined,
          "nodeType": "host",
          "props": Object {
            "children": Array [
              "Welcome, ",
              "Ash",
              "!",
            ],
            "className": "welcome",
          },
          "ref": null,
          "rendered": Array [
            "Welcome, ",
            "Ash",
            "!",
          ],
          "type": "h1",
        },
        Object {
          "instance": null,
          "key": undefined,
          "nodeType": "host",
          "props": Object {
            "children": "This month...",
            "className": "this-month",
          },
          "ref": null,
          "rendered": "This month...",
          "type": "h3",
        },
        Object {
          "instance": null,
          "key": undefined,
          "nodeType": "host",
          "props": Object {
            "className": "bubbles",
          },
          "ref": null,
          "rendered": null,
          "type": "div",
        },
        Object {
          "instance": null,
          "key": undefined,
          "nodeType": "class",
          "props": Object {
            "children": <button>
              journal
            </button>,
            "replace": false,
            "to": "/journal",
          },
          "ref": null,
          "rendered": Object {
            "instance": null,
            "key": undefined,
            "nodeType": "host",
            "props": Object {
              "children": "journal",
            },
            "ref": null,
            "rendered": "journal",
            "type": "button",
          },
          "type": [Function],
        },
        Object {
          "instance": null,
          "key": undefined,
          "nodeType": "class",
          "props": Object {
            "children": <button>
              calendar
            </button>,
            "replace": false,
            "to": "/calendarView",
          },
          "ref": null,
          "rendered": Object {
            "instance": null,
            "key": undefined,
            "nodeType": "host",
            "props": Object {
              "children": "calendar",
            },
            "ref": null,
            "rendered": "calendar",
            "type": "button",
          },
          "type": [Function],
        },
      ],
      "type": "div",
    },
  ],
  Symbol(enzyme.__options__): Object {
    "adapter": ReactSixteenAdapter {
      "options": Object {
        "enableComponentDidUpdateOnSetState": true,
        "legacyContextMode": "parent",
        "lifecycles": Object {
          "componentDidUpdate": Object {
            "onSetState": true,
          },
          "getChildContext": Object {
            "calledByRenderer": false,
          },
          "getDerivedStateFromProps": true,
          "getSnapshotBeforeUpdate": true,
          "setState": Object {
            "skipsComponentDidUpdateOnNullish": true,
          },
        },
      },
    },
  },
}
`;
