// Jest Snapshot v1, https://goo.gl/fbAQLP

exports[`DailyView should render a snapshot with correct data passed in 1`] = `
ShallowWrapper {
  Symbol(enzyme.__root__): [Circular],
  Symbol(enzyme.__unrendered__): <DailyView />,
  Symbol(enzyme.__renderer__): Object {
    "batchedUpdates": [Function],
    "checkPropTypes": [Function],
    "getNode": [Function],
    "render": [Function],
    "simulateError": [Function],
    "simulateEvent": [Function],
    "unmount": [Function],
  },
  Symbol(enzyme.__node__): Object {
    "instance": null,
    "key": undefined,
    "nodeType": "host",
    "props": Object {
      "children": Array [
        <Logo />,
        <h2
          className="daily-date"
        >
          June 16, 2018
        </h2>,
        <h1
          className="tone-word sadness"
        >
          sadness
        </h1>,
        <div
          class="daily-entry"
        >
          Now, when you do this without getting punched in the chest, you will have more fun. Get me a vodka rocks. And a piece of toast. Now, when you do this without getting punched in the chest, you will have more fun. Get me a vodka rocks...
        </div>,
        <div
          class="daily-affirmation"
        >
          <p
            className="daily-affirmation-text"
          >
            I got this.
          </p>
        </div>,
        <div
          className="btn-wrapper"
        >
          <button
            className="standard-btn dark left-arrow"
          >
            &lt;
          </button>
          <button
            className="standard-btn dark back-to-calendar-btn"
          >
            calendar
          </button>
          <button
            className="standard-btn dark right-arrow"
          >
            &gt;
          </button>
        </div>,
      ],
      "className": "daily-view sadness-bg",
    },
    "ref": null,
    "rendered": Array [
      Object {
        "instance": null,
        "key": undefined,
        "nodeType": "function",
        "props": Object {},
        "ref": null,
        "rendered": null,
        "type": [Function],
      },
      Object {
        "instance": null,
        "key": undefined,
        "nodeType": "host",
        "props": Object {
          "children": "June 16, 2018",
          "className": "daily-date",
        },
        "ref": null,
        "rendered": "June 16, 2018",
        "type": "h2",
      },
      Object {
        "instance": null,
        "key": undefined,
        "nodeType": "host",
        "props": Object {
          "children": "sadness",
          "className": "tone-word sadness",
        },
        "ref": null,
        "rendered": "sadness",
        "type": "h1",
      },
      Object {
        "instance": null,
        "key": undefined,
        "nodeType": "host",
        "props": Object {
          "children": "Now, when you do this without getting punched in the chest, you will have more fun. Get me a vodka rocks. And a piece of toast. Now, when you do this without getting punched in the chest, you will have more fun. Get me a vodka rocks...",
          "class": "daily-entry",
        },
        "ref": null,
        "rendered": "Now, when you do this without getting punched in the chest, you will have more fun. Get me a vodka rocks. And a piece of toast. Now, when you do this without getting punched in the chest, you will have more fun. Get me a vodka rocks...",
        "type": "div",
      },
      Object {
        "instance": null,
        "key": undefined,
        "nodeType": "host",
        "props": Object {
          "children": <p
            className="daily-affirmation-text"
          >
            I got this.
          </p>,
          "class": "daily-affirmation",
        },
        "ref": null,
        "rendered": Object {
          "instance": null,
          "key": undefined,
          "nodeType": "host",
          "props": Object {
            "children": "I got this.",
            "className": "daily-affirmation-text",
          },
          "ref": null,
          "rendered": "I got this.",
          "type": "p",
        },
        "type": "div",
      },
      Object {
        "instance": null,
        "key": undefined,
        "nodeType": "host",
        "props": Object {
          "children": Array [
            <button
              className="standard-btn dark left-arrow"
            >
              &lt;
            </button>,
            <button
              className="standard-btn dark back-to-calendar-btn"
            >
              calendar
            </button>,
            <button
              className="standard-btn dark right-arrow"
            >
              &gt;
            </button>,
          ],
          "className": "btn-wrapper",
        },
        "ref": null,
        "rendered": Array [
          Object {
            "instance": null,
            "key": undefined,
            "nodeType": "host",
            "props": Object {
              "children": "<",
              "className": "standard-btn dark left-arrow",
            },
            "ref": null,
            "rendered": "<",
            "type": "button",
          },
          Object {
            "instance": null,
            "key": undefined,
            "nodeType": "host",
            "props": Object {
              "children": "calendar",
              "className": "standard-btn dark back-to-calendar-btn",
            },
            "ref": null,
            "rendered": "calendar",
            "type": "button",
          },
          Object {
            "instance": null,
            "key": undefined,
            "nodeType": "host",
            "props": Object {
              "children": ">",
              "className": "standard-btn dark right-arrow",
            },
            "ref": null,
            "rendered": ">",
            "type": "button",
          },
        ],
        "type": "div",
      },
    ],
    "type": "div",
  },
  Symbol(enzyme.__nodes__): Array [
    Object {
      "instance": null,
      "key": undefined,
      "nodeType": "host",
      "props": Object {
        "children": Array [
          <Logo />,
          <h2
            className="daily-date"
          >
            June 16, 2018
          </h2>,
          <h1
            className="tone-word sadness"
          >
            sadness
          </h1>,
          <div
            class="daily-entry"
          >
            Now, when you do this without getting punched in the chest, you will have more fun. Get me a vodka rocks. And a piece of toast. Now, when you do this without getting punched in the chest, you will have more fun. Get me a vodka rocks...
          </div>,
          <div
            class="daily-affirmation"
          >
            <p
              className="daily-affirmation-text"
            >
              I got this.
            </p>
          </div>,
          <div
            className="btn-wrapper"
          >
            <button
              className="standard-btn dark left-arrow"
            >
              &lt;
            </button>
            <button
              className="standard-btn dark back-to-calendar-btn"
            >
              calendar
            </button>
            <button
              className="standard-btn dark right-arrow"
            >
              &gt;
            </button>
          </div>,
        ],
        "className": "daily-view sadness-bg",
      },
      "ref": null,
      "rendered": Array [
        Object {
          "instance": null,
          "key": undefined,
          "nodeType": "function",
          "props": Object {},
          "ref": null,
          "rendered": null,
          "type": [Function],
        },
        Object {
          "instance": null,
          "key": undefined,
          "nodeType": "host",
          "props": Object {
            "children": "June 16, 2018",
            "className": "daily-date",
          },
          "ref": null,
          "rendered": "June 16, 2018",
          "type": "h2",
        },
        Object {
          "instance": null,
          "key": undefined,
          "nodeType": "host",
          "props": Object {
            "children": "sadness",
            "className": "tone-word sadness",
          },
          "ref": null,
          "rendered": "sadness",
          "type": "h1",
        },
        Object {
          "instance": null,
          "key": undefined,
          "nodeType": "host",
          "props": Object {
            "children": "Now, when you do this without getting punched in the chest, you will have more fun. Get me a vodka rocks. And a piece of toast. Now, when you do this without getting punched in the chest, you will have more fun. Get me a vodka rocks...",
            "class": "daily-entry",
          },
          "ref": null,
          "rendered": "Now, when you do this without getting punched in the chest, you will have more fun. Get me a vodka rocks. And a piece of toast. Now, when you do this without getting punched in the chest, you will have more fun. Get me a vodka rocks...",
          "type": "div",
        },
        Object {
          "instance": null,
          "key": undefined,
          "nodeType": "host",
          "props": Object {
            "children": <p
              className="daily-affirmation-text"
            >
              I got this.
            </p>,
            "class": "daily-affirmation",
          },
          "ref": null,
          "rendered": Object {
            "instance": null,
            "key": undefined,
            "nodeType": "host",
            "props": Object {
              "children": "I got this.",
              "className": "daily-affirmation-text",
            },
            "ref": null,
            "rendered": "I got this.",
            "type": "p",
          },
          "type": "div",
        },
        Object {
          "instance": null,
          "key": undefined,
          "nodeType": "host",
          "props": Object {
            "children": Array [
              <button
                className="standard-btn dark left-arrow"
              >
                &lt;
              </button>,
              <button
                className="standard-btn dark back-to-calendar-btn"
              >
                calendar
              </button>,
              <button
                className="standard-btn dark right-arrow"
              >
                &gt;
              </button>,
            ],
            "className": "btn-wrapper",
          },
          "ref": null,
          "rendered": Array [
            Object {
              "instance": null,
              "key": undefined,
              "nodeType": "host",
              "props": Object {
                "children": "<",
                "className": "standard-btn dark left-arrow",
              },
              "ref": null,
              "rendered": "<",
              "type": "button",
            },
            Object {
              "instance": null,
              "key": undefined,
              "nodeType": "host",
              "props": Object {
                "children": "calendar",
                "className": "standard-btn dark back-to-calendar-btn",
              },
              "ref": null,
              "rendered": "calendar",
              "type": "button",
            },
            Object {
              "instance": null,
              "key": undefined,
              "nodeType": "host",
              "props": Object {
                "children": ">",
                "className": "standard-btn dark right-arrow",
              },
              "ref": null,
              "rendered": ">",
              "type": "button",
            },
          ],
          "type": "div",
        },
      ],
      "type": "div",
    },
  ],
  Symbol(enzyme.__options__): Object {
    "adapter": ReactSixteenAdapter {
      "options": Object {
        "enableComponentDidUpdateOnSetState": true,
        "legacyContextMode": "parent",
        "lifecycles": Object {
          "componentDidUpdate": Object {
            "onSetState": true,
          },
          "getChildContext": Object {
            "calledByRenderer": false,
          },
          "getDerivedStateFromProps": true,
          "getSnapshotBeforeUpdate": true,
          "setState": Object {
            "skipsComponentDidUpdateOnNullish": true,
          },
        },
      },
    },
  },
}
`;
